MSBuild version 18.0.5+e22287bf1 for .NET Framework

  Catch2.vcxproj -> C:\Users\garri\Downloads\hft_engine\build\_deps\catch2-build\src\Release\Catch2.lib
  Catch2WithMain.vcxproj -> C:\Users\garri\Downloads\hft_engine\build\_deps\catch2-build\src\Release\Catch2Main.lib
  main.cpp
C:\Users\garri\Downloads\hft_engine\execution\execution_engine.hpp(33,17): error C2059: syntax error: '(' [C:\Users\garri\Downloads\hft_engine\build\hft_engine.vcxproj]
  (compiling source file '../infra/main.cpp')
      C:\Users\garri\Downloads\hft_engine\execution\execution_engine.hpp(33,17):
      the template instantiation context (the oldest one first) is
          C:\Users\garri\Downloads\hft_engine\execution\execution_engine.hpp(13,62):
          while compiling class template 'hft::execution::ExecutionEngine'
  
C:\Users\garri\Downloads\hft_engine\execution\execution_engine.hpp(33,3): error C4430: missing type specifier - int assumed. Note: C++ does not support default-int [C:\Users\garri\Downloads\hft_engine\build\hft_engine.vcxproj]
  (compiling source file '../infra/main.cpp')
  
C:\Users\garri\Downloads\hft_engine\execution\execution_engine.hpp(33,3): error C2059: syntax error: ')' [C:\Users\garri\Downloads\hft_engine\build\hft_engine.vcxproj]
  (compiling source file '../infra/main.cpp')
  
C:\Users\garri\Downloads\hft_engine\execution\execution_engine.hpp(33,32): error C2059: syntax error: ')' [C:\Users\garri\Downloads\hft_engine\build\hft_engine.vcxproj]
  (compiling source file '../infra/main.cpp')
  
C:\Users\garri\Downloads\hft_engine\execution\execution_engine.hpp(33,3): warning C4183: '__attribute__': missing return type; assumed to be a member function returning 'int' [C:\Users\garri\Downloads\hft_engine\build\hft_engine.vcxproj]
  (compiling source file '../infra/main.cpp')
  
  unit_tests.vcxproj -> C:\Users\garri\Downloads\hft_engine\build\tests\Release\unit_tests.exe
